// Jest Snapshot v1, https://goo.gl/fbAQLP

exports[`AlertDialog Component renders AlertDialog correctly 1`] = `<DocumentFragment />`;
