// Jest Snapshot v1, https://goo.gl/fbAQLP

exports[`LineDesign Component matches the snapshot 1`] = `
<DocumentFragment>
  <div
    class="MuiBox-root css-1ggygw9"
  >
    <div
      class="MuiBox-root css-1ialerq"
    >
      <h6
        class="MuiTypography-root MuiTypography-subtitle1 css-1sf739h-MuiTypography-root"
      >
        <div
          class="MuiBox-root css-fj66gp"
        >
          <svg
            aria-hidden="true"
            class="MuiSvgIcon-root MuiSvgIcon-colorWarning MuiSvgIcon-fontSizeSmall css-gyrebt-MuiSvgIcon-root"
            data-testid="BarChartRoundedIcon"
            focusable="false"
            viewBox="0 0 24 24"
          >
            <path
              d="M6 20c1.1 0 2-.9 2-2v-7c0-1.1-.9-2-2-2s-2 .9-2 2v7c0 1.1.9 2 2 2m10-5v3c0 1.1.9 2 2 2s2-.9 2-2v-3c0-1.1-.9-2-2-2s-2 .9-2 2m-4 5c1.1 0 2-.9 2-2V6c0-1.1-.9-2-2-2s-2 .9-2 2v12c0 1.1.9 2 2 2"
            />
          </svg>
        </div>
        Snapshot Title
      </h6>
      <span
        class="MuiTypography-root MuiTypography-caption css-1sn4lm3-MuiTypography-root"
      >
        Details
      </span>
    </div>
    <div
      class="MuiBox-root css-p441mq"
    >
      <div
        class="MuiBox-root css-1lxwves"
      >
        <h4
          class="MuiTypography-root MuiTypography-h4 css-5lbw0b-MuiTypography-root"
        >
          282%
        </h4>
        <span
          class="MuiTypography-root MuiTypography-caption css-1muhxyk-MuiTypography-root"
        >
          Return On Investment
        </span>
      </div>
      <div
        data-testid="chart-container"
      >
        <div
          data-testid="line-plot"
        />
        <div
          data-testid="mark-plot"
        />
      </div>
    </div>
  </div>
</DocumentFragment>
`;
