// Jest Snapshot v1, https://goo.gl/fbAQLP

exports[`ListMenu Component matches the snapshot 1`] = `
<DocumentFragment>
  <div
    class="MuiBox-root css-18xot1z"
  >
    <div
      class="MuiBox-root css-162is1w"
    >
      <h5
        class="MuiTypography-root MuiTypography-h5 css-xmu7xk-MuiTypography-root"
      >
        DOF
      </h5>
      <div
        class="MuiAvatar-root MuiAvatar-circular css-5kg9jr-MuiAvatar-root"
      >
        <img
          alt="John Doe"
          class="MuiAvatar-img css-1pqm26d-MuiAvatar-img"
          src="https://i.pravatar.cc/150?img=2"
        />
      </div>
      <span
        class="MuiTypography-root MuiTypography-caption css-93il58-MuiTypography-root"
      >
        John Doe
      </span>
      <button
        class="MuiButtonBase-root MuiButton-root MuiButton-outlined MuiButton-outlinedPrimary MuiButton-sizeSmall MuiButton-outlinedSizeSmall MuiButton-colorPrimary MuiButton-root MuiButton-outlined MuiButton-outlinedPrimary MuiButton-sizeSmall MuiButton-outlinedSizeSmall MuiButton-colorPrimary css-e3rzpn-MuiButtonBase-root-MuiButton-root"
        tabindex="0"
        type="button"
      >
        <span
          class="MuiButton-icon MuiButton-startIcon MuiButton-iconSizeSmall css-y6rp3m-MuiButton-startIcon"
        >
          <svg
            aria-hidden="true"
            class="MuiSvgIcon-root MuiSvgIcon-fontSizeSmall css-ptiqhd-MuiSvgIcon-root"
            data-testid="EditRoundedIcon"
            focusable="false"
            viewBox="0 0 24 24"
          >
            <path
              d="M3 17.46v3.04c0 .28.22.5.5.5h3.04c.13 0 .26-.05.35-.15L17.81 9.94l-3.75-3.75L3.15 17.1c-.1.1-.15.22-.15.36M20.71 7.04c.39-.39.39-1.02 0-1.41l-2.34-2.34a.9959.9959 0 0 0-1.41 0l-1.83 1.83 3.75 3.75z"
            />
          </svg>
        </span>
        <span
          class="MuiTypography-root MuiTypography-caption css-1b8u2zs-MuiTypography-root"
        >
          Edit Profile
        </span>
        <span
          class="MuiTouchRipple-root css-8je8zh-MuiTouchRipple-root"
        />
      </button>
    </div>
    <ul
      class="MuiList-root MuiList-padding css-h4y409-MuiList-root"
    >
      <li
        class="MuiListItem-root MuiListItem-gutters MuiListItem-padding css-12h1lx2-MuiListItem-root"
      >
        <div
          class="MuiButtonBase-root MuiListItemButton-root MuiListItemButton-gutters MuiListItemButton-root MuiListItemButton-gutters css-mmvunt-MuiButtonBase-root-MuiListItemButton-root"
          role="button"
          tabindex="0"
        >
          <svg
            aria-hidden="true"
            class="MuiSvgIcon-root MuiSvgIcon-fontSizeSmall css-ptiqhd-MuiSvgIcon-root"
            data-testid="DashboardRoundedIcon"
            focusable="false"
            viewBox="0 0 24 24"
          >
            <path
              d="M4 13h6c.55 0 1-.45 1-1V4c0-.55-.45-1-1-1H4c-.55 0-1 .45-1 1v8c0 .55.45 1 1 1m0 8h6c.55 0 1-.45 1-1v-4c0-.55-.45-1-1-1H4c-.55 0-1 .45-1 1v4c0 .55.45 1 1 1m10 0h6c.55 0 1-.45 1-1v-8c0-.55-.45-1-1-1h-6c-.55 0-1 .45-1 1v8c0 .55.45 1 1 1M13 4v4c0 .55.45 1 1 1h6c.55 0 1-.45 1-1V4c0-.55-.45-1-1-1h-6c-.55 0-1 .45-1 1"
            />
          </svg>
          <span
            class="MuiTypography-root MuiTypography-caption css-1b1yxjp-MuiTypography-root"
          >
            Dashboard
          </span>
          <span
            class="MuiTouchRipple-root css-8je8zh-MuiTouchRipple-root"
          />
        </div>
      </li>
      <li
        class="MuiListItem-root MuiListItem-gutters MuiListItem-padding css-12h1lx2-MuiListItem-root"
      >
        <div
          class="MuiButtonBase-root MuiListItemButton-root MuiListItemButton-gutters MuiListItemButton-root MuiListItemButton-gutters css-qw940o-MuiButtonBase-root-MuiListItemButton-root"
          role="button"
          tabindex="0"
        >
          <svg
            aria-hidden="true"
            class="MuiSvgIcon-root MuiSvgIcon-fontSizeSmall css-ptiqhd-MuiSvgIcon-root"
            data-testid="TextSnippetRoundedIcon"
            focusable="false"
            viewBox="0 0 24 24"
          >
            <path
              d="M14.17 3H5c-1.1 0-2 .9-2 2v14c0 1.1.9 2 2 2h14c1.1 0 2-.9 2-2V9.83c0-.53-.21-1.04-.59-1.41l-4.83-4.83c-.37-.38-.88-.59-1.41-.59M8 15h8c.55 0 1 .45 1 1s-.45 1-1 1H8c-.55 0-1-.45-1-1s.45-1 1-1m0-4h8c.55 0 1 .45 1 1s-.45 1-1 1H8c-.55 0-1-.45-1-1s.45-1 1-1m0-4h5c.55 0 1 .45 1 1s-.45 1-1 1H8c-.55 0-1-.45-1-1s.45-1 1-1"
            />
          </svg>
          <span
            class="MuiTypography-root MuiTypography-caption css-1b1yxjp-MuiTypography-root"
          >
            Activity
          </span>
          <span
            class="MuiTouchRipple-root css-8je8zh-MuiTouchRipple-root"
          />
        </div>
      </li>
      <li
        class="MuiListItem-root MuiListItem-gutters MuiListItem-padding css-12h1lx2-MuiListItem-root"
      >
        <div
          class="MuiButtonBase-root MuiListItemButton-root MuiListItemButton-gutters MuiListItemButton-root MuiListItemButton-gutters css-qw940o-MuiButtonBase-root-MuiListItemButton-root"
          role="button"
          tabindex="0"
        >
          <svg
            aria-hidden="true"
            class="MuiSvgIcon-root MuiSvgIcon-fontSizeSmall css-ptiqhd-MuiSvgIcon-root"
            data-testid="EventRoundedIcon"
            focusable="false"
            viewBox="0 0 24 24"
          >
            <path
              d="M16 13h-3c-.55 0-1 .45-1 1v3c0 .55.45 1 1 1h3c.55 0 1-.45 1-1v-3c0-.55-.45-1-1-1m0-10v1H8V3c0-.55-.45-1-1-1s-1 .45-1 1v1H5c-1.11 0-1.99.9-1.99 2L3 20c0 1.1.89 2 2 2h14c1.1 0 2-.9 2-2V6c0-1.1-.9-2-2-2h-1V3c0-.55-.45-1-1-1s-1 .45-1 1m2 17H6c-.55 0-1-.45-1-1V9h14v10c0 .55-.45 1-1 1"
            />
          </svg>
          <span
            class="MuiTypography-root MuiTypography-caption css-1b1yxjp-MuiTypography-root"
          >
            Schedule
          </span>
          <span
            class="MuiTouchRipple-root css-8je8zh-MuiTouchRipple-root"
          />
        </div>
      </li>
      <li
        class="MuiListItem-root MuiListItem-gutters MuiListItem-padding css-12h1lx2-MuiListItem-root"
      >
        <div
          class="MuiButtonBase-root MuiListItemButton-root MuiListItemButton-gutters MuiListItemButton-root MuiListItemButton-gutters css-qw940o-MuiButtonBase-root-MuiListItemButton-root"
          role="button"
          tabindex="0"
        >
          <svg
            aria-hidden="true"
            class="MuiSvgIcon-root MuiSvgIcon-fontSizeSmall css-ptiqhd-MuiSvgIcon-root"
            data-testid="TuneRoundedIcon"
            focusable="false"
            viewBox="0 0 24 24"
          >
            <path
              d="M3 18c0 .55.45 1 1 1h5v-2H4c-.55 0-1 .45-1 1M3 6c0 .55.45 1 1 1h9V5H4c-.55 0-1 .45-1 1m10 14v-1h7c.55 0 1-.45 1-1s-.45-1-1-1h-7v-1c0-.55-.45-1-1-1s-1 .45-1 1v4c0 .55.45 1 1 1s1-.45 1-1M7 10v1H4c-.55 0-1 .45-1 1s.45 1 1 1h3v1c0 .55.45 1 1 1s1-.45 1-1v-4c0-.55-.45-1-1-1s-1 .45-1 1m14 2c0-.55-.45-1-1-1h-9v2h9c.55 0 1-.45 1-1m-5-3c.55 0 1-.45 1-1V7h3c.55 0 1-.45 1-1s-.45-1-1-1h-3V4c0-.55-.45-1-1-1s-1 .45-1 1v4c0 .55.45 1 1 1"
            />
          </svg>
          <span
            class="MuiTypography-root MuiTypography-caption css-1b1yxjp-MuiTypography-root"
          >
            Settings
          </span>
          <span
            class="MuiTouchRipple-root css-8je8zh-MuiTouchRipple-root"
          />
        </div>
      </li>
      <li
        class="MuiListItem-root MuiListItem-gutters MuiListItem-padding css-12h1lx2-MuiListItem-root"
      >
        <div
          class="MuiButtonBase-root MuiListItemButton-root MuiListItemButton-gutters MuiListItemButton-root MuiListItemButton-gutters css-qw940o-MuiButtonBase-root-MuiListItemButton-root"
          role="button"
          tabindex="0"
        >
          <svg
            aria-hidden="true"
            class="MuiSvgIcon-root MuiSvgIcon-fontSizeSmall css-ptiqhd-MuiSvgIcon-root"
            data-testid="ExitToAppRoundedIcon"
            focusable="false"
            viewBox="0 0 24 24"
          >
            <path
              d="M10.79 16.29c.39.39 1.02.39 1.41 0l3.59-3.59c.39-.39.39-1.02 0-1.41L12.2 7.7a.9959.9959 0 0 0-1.41 0c-.39.39-.39 1.02 0 1.41L12.67 11H4c-.55 0-1 .45-1 1s.45 1 1 1h8.67l-1.88 1.88c-.39.39-.38 1.03 0 1.41M19 3H5c-1.11 0-2 .9-2 2v3c0 .55.45 1 1 1s1-.45 1-1V6c0-.55.45-1 1-1h12c.55 0 1 .45 1 1v12c0 .55-.45 1-1 1H6c-.55 0-1-.45-1-1v-2c0-.55-.45-1-1-1s-1 .45-1 1v3c0 1.1.9 2 2 2h14c1.1 0 2-.9 2-2V5c0-1.1-.9-2-2-2"
            />
          </svg>
          <span
            class="MuiTypography-root MuiTypography-caption css-1b1yxjp-MuiTypography-root"
          >
            Log Out
          </span>
          <span
            class="MuiTouchRipple-root css-8je8zh-MuiTouchRipple-root"
          />
        </div>
      </li>
    </ul>
    <div
      class="MuiBox-root css-dvxtzn"
    >
      <button
        class="MuiButtonBase-root MuiButton-root MuiButton-contained MuiButton-containedPrimary MuiButton-sizeSmall MuiButton-containedSizeSmall MuiButton-colorPrimary MuiButton-root MuiButton-contained MuiButton-containedPrimary MuiButton-sizeSmall MuiButton-containedSizeSmall MuiButton-colorPrimary css-1ssabq6-MuiButtonBase-root-MuiButton-root"
        tabindex="0"
        type="button"
      >
        <span
          class="MuiButton-icon MuiButton-startIcon MuiButton-iconSizeSmall css-y6rp3m-MuiButton-startIcon"
        >
          <div
            class="MuiBox-root css-a4pqvs"
            data-testid="brightness4-icon"
          >
            <svg
              aria-hidden="true"
              class="MuiSvgIcon-root MuiSvgIcon-fontSizeSmall css-ptiqhd-MuiSvgIcon-root"
              data-testid="Brightness4RoundedIcon"
              focusable="false"
              viewBox="0 0 24 24"
            >
              <path
                d="M22.6 11.29 20 8.69V5c0-.55-.45-1-1-1h-3.69l-2.6-2.6a.9959.9959 0 0 0-1.41 0L8.69 4H5c-.55 0-1 .45-1 1v3.69l-2.6 2.6c-.39.39-.39 1.02 0 1.41L4 15.3V19c0 .55.45 1 1 1h3.69l2.6 2.6c.39.39 1.02.39 1.41 0l2.6-2.6H19c.55 0 1-.45 1-1v-3.69l2.6-2.6c.39-.39.39-1.03 0-1.42m-4.68 1.69c-.34 2.12-1.85 3.94-3.88 4.66-1.21.43-2.41.45-3.5.18-.41-.1-.48-.65-.13-.9C11.98 15.84 13 14.04 13 12s-1.02-3.84-2.58-4.92c-.35-.24-.29-.79.13-.9 1.09-.27 2.29-.25 3.5.18 2.02.72 3.54 2.54 3.88 4.66.05.33.07.66.07.98-.01.32-.03.65-.08.98"
              />
            </svg>
          </div>
        </span>
        <span
          class="MuiTypography-root MuiTypography-caption css-1569pzt-MuiTypography-root"
        >
          light mode
        </span>
        <span
          class="MuiTouchRipple-root css-8je8zh-MuiTouchRipple-root"
        />
      </button>
    </div>
  </div>
</DocumentFragment>
`;
