// Jest Snapshot v1, https://goo.gl/fbAQLP

exports[`RateDesign Component renders correctly 1`] = `
<DocumentFragment>
  <div
    class="MuiBox-root css-kl4l4i"
  >
    <div
      class="MuiBox-root css-1ialerq"
    >
      <h6
        class="MuiTypography-root MuiTypography-subtitle1 css-12axgqo-MuiTypography-root"
      >
        Test Title
      </h6>
      <button
        class="MuiButtonBase-root MuiIconButton-root MuiIconButton-sizeMedium css-1azmo45-MuiButtonBase-root-MuiIconButton-root"
        tabindex="0"
        type="button"
      >
        <svg
          aria-hidden="true"
          class="MuiSvgIcon-root MuiSvgIcon-fontSizeSmall css-ptiqhd-MuiSvgIcon-root"
          data-testid="ArrowOutwardRoundedIcon"
          focusable="false"
          viewBox="0 0 24 24"
        >
          <path
            d="M6 7c0 .55.45 1 1 1h7.59l-8.88 8.88c-.39.39-.39 1.02 0 1.41.39.39 1.02.39 1.41 0L16 9.41V17c0 .55.45 1 1 1s1-.45 1-1V7c0-.55-.45-1-1-1H7c-.55 0-1 .45-1 1"
          />
        </svg>
        <span
          class="MuiTouchRipple-root css-8je8zh-MuiTouchRipple-root"
        />
      </button>
    </div>
    <div
      class="MuiBox-root css-1qt5u4s"
    >
      <div
        class="MuiBox-root css-gyvzpx"
      >
        <span
          class="MuiTypography-root MuiTypography-caption css-lniesh-MuiTypography-root"
        >
          Mon
          <span
            class="MuiTypography-root MuiTypography-caption css-1ihg57t-MuiTypography-root"
          >
            2
          </span>
        </span>
      </div>
      <div
        class="MuiBox-root css-gyvzpx"
      >
        <span
          class="MuiTypography-root MuiTypography-caption css-lniesh-MuiTypography-root"
        >
          Tue
          <span
            class="MuiTypography-root MuiTypography-caption css-1ihg57t-MuiTypography-root"
          >
            3
          </span>
        </span>
      </div>
      <div
        class="MuiBox-root css-gyvzpx"
      >
        <span
          class="MuiTypography-root MuiTypography-caption css-lniesh-MuiTypography-root"
        >
          Wed
          <span
            class="MuiTypography-root MuiTypography-caption css-1ihg57t-MuiTypography-root"
          >
            4
          </span>
        </span>
      </div>
    </div>
    <div
      class="MuiBox-root css-1vt08d7"
    >
      <h4
        class="MuiTypography-root MuiTypography-h4 css-1wq5wib-MuiTypography-root"
      >
        23%
      </h4>
      <hr
        class="MuiDivider-root MuiDivider-fullWidth MuiDivider-vertical MuiDivider-flexItem css-18t1r5k-MuiDivider-root"
      />
      <span
        class="MuiTypography-root MuiTypography-caption css-k7w3aq-MuiTypography-root"
      >
        <span
          class="MuiTypography-root MuiTypography-caption css-1ihg57t-MuiTypography-root"
        >
          -10%
        </span>
        Since last day
      </span>
    </div>
  </div>
</DocumentFragment>
`;
