// Jest Snapshot v1, https://goo.gl/fbAQLP

exports[`ReportDesign Component renders correctly 1`] = `
<DocumentFragment>
  <div
    class="MuiBox-root css-d9jnep"
  >
    <div
      class="MuiBox-root css-1ialerq"
    >
      <button
        class="MuiButtonBase-root MuiButton-root MuiButton-outlined MuiButton-outlinedPrimary MuiButton-sizeSmall MuiButton-outlinedSizeSmall MuiButton-colorPrimary MuiButton-root MuiButton-outlined MuiButton-outlinedPrimary MuiButton-sizeSmall MuiButton-outlinedSizeSmall MuiButton-colorPrimary css-rmeete-MuiButtonBase-root-MuiButton-root"
        tabindex="0"
        type="button"
      >
        <span
          class="MuiTypography-root MuiTypography-caption css-1sn4lm3-MuiTypography-root"
        >
          Report Title
        </span>
        <span
          class="MuiTouchRipple-root css-8je8zh-MuiTouchRipple-root"
        />
      </button>
      <h6
        class="MuiTypography-root MuiTypography-subtitle2 css-6tcopt-MuiTypography-root"
      >
        /2024
      </h6>
    </div>
    <div
      class="MuiBox-root css-10dymat"
    >
      <button
        class="MuiButtonBase-root MuiButton-root MuiButton-outlined MuiButton-outlinedPrimary MuiButton-sizeSmall MuiButton-outlinedSizeSmall MuiButton-colorPrimary MuiButton-root MuiButton-outlined MuiButton-outlinedPrimary MuiButton-sizeSmall MuiButton-outlinedSizeSmall MuiButton-colorPrimary css-1ehpx2r-MuiButtonBase-root-MuiButton-root"
        tabindex="0"
        type="button"
      >
        <span
          class="MuiTypography-root MuiTypography-caption css-1sn4lm3-MuiTypography-root"
        >
          Download Report
        </span>
        <span
          class="MuiButton-icon MuiButton-endIcon MuiButton-iconSizeSmall css-155nyw6-MuiButton-endIcon"
        >
          <svg
            aria-hidden="true"
            class="MuiSvgIcon-root MuiSvgIcon-fontSizeSmall css-ptiqhd-MuiSvgIcon-root"
            data-testid="FileDownloadRoundedIcon"
            focusable="false"
            viewBox="0 0 24 24"
          >
            <path
              d="M16.59 9H15V4c0-.55-.45-1-1-1h-4c-.55 0-1 .45-1 1v5H7.41c-.89 0-1.34 1.08-.71 1.71l4.59 4.59c.39.39 1.02.39 1.41 0l4.59-4.59c.63-.63.19-1.71-.7-1.71M5 19c0 .55.45 1 1 1h12c.55 0 1-.45 1-1s-.45-1-1-1H6c-.55 0-1 .45-1 1"
            />
          </svg>
        </span>
        <span
          class="MuiTouchRipple-root css-8je8zh-MuiTouchRipple-root"
        />
      </button>
    </div>
  </div>
</DocumentFragment>
`;
